[2026-06-09 18:22:20] === launch ===
[2026-06-11 01:20:47] === launch ===
[2026-06-11 09:28:11] === launch ===
[2026-06-11 10:32:53] === launch ===
[2026-06-11 10:46:02] === launch ===
[2026-06-11 10:46:33] === launch ===
[2026-06-11 10:51:16] === launch ===
[2026-06-11 10:54:54] === launch ===
[2026-06-11 10:56:56] === launch ===
[2026-06-11 10:57:24] === launch ===
[2026-06-11 11:08:57] === launch ===
[2026-06-11 11:10:40] === launch ===
[2026-06-11 11:14:18] === launch ===
[2026-06-11 11:18:12] === launch ===
[2026-06-11 11:18:13] === crash ===
[2026-06-11 11:18:13] Traceback (most recent call last):
[2026-06-11 11:18:13]   File "I:\pygame\summerleaf2\main.py", line 5080, in <module>
[2026-06-11 11:18:13]     main()
[2026-06-11 11:18:13]   File "I:\pygame\summerleaf2\main.py", line 4166, in main
[2026-06-11 11:18:13]     item.draw(
[2026-06-11 11:18:13] TypeError: SwingPrototypeEntity.draw() got an unexpected keyword argument 'sprite_surface_shear'
[2026-06-11 11:19:03] === launch ===
[2026-06-11 11:25:12] === launch ===
[2026-06-11 11:31:02] === launch ===
[2026-06-11 11:54:57] === launch ===
[2026-06-11 11:58:01] === launch ===
[2026-06-11 13:17:43] === launch ===
[2026-06-11 13:25:16] === launch ===
[2026-06-11 13:26:01] === launch ===
[2026-06-11 23:02:47] === launch ===
[2026-06-11 23:14:08] === launch ===
[2026-06-12 15:41:39] === launch ===
[2026-06-12 15:44:39] === launch ===
[2026-06-12 16:00:43] === launch ===
[2026-06-12 22:53:00] === launch ===
[2026-06-12 22:54:11] === launch ===
[2026-06-12 23:11:19] === launch ===
[2026-06-12 23:22:07] === launch ===
[2026-06-12 23:25:35] === launch ===
[2026-06-12 23:29:04] === launch ===
[2026-06-12 23:30:29] === launch ===
[2026-06-12 23:58:02] === launch ===
[2026-06-13 00:05:57] === launch ===
[2026-06-13 00:10:17] === launch ===
[2026-06-13 00:12:39] === launch ===
[2026-06-13 00:27:25] === launch ===
[2026-06-13 00:30:09] === launch ===
[2026-06-16 18:06:42] === launch ===
[2026-06-18 10:27:06] === launch ===
[2026-06-18 11:56:21] === launch ===
[2026-06-18 16:34:15] === launch ===
[2026-06-18 18:34:42] === launch ===
[2026-06-18 18:43:05] === launch ===
[2026-06-19 16:26:44] === launch ===
[2026-06-19 16:48:49] === launch ===
[2026-06-19 16:52:00] === launch ===
[2026-06-19 17:24:20] === launch ===
[2026-06-19 17:28:21] === launch ===
[2026-06-19 17:35:12] === launch ===
[2026-06-19 17:37:26] === launch ===
[2026-06-19 17:57:16] === launch ===
[2026-06-23 11:52:04] === launch ===
[2026-06-23 18:20:07] === launch ===
[2026-06-23 18:23:53] === launch ===
[2026-06-23 18:36:26] === launch ===
[2026-06-23 18:37:21] === launch ===
[2026-06-23 18:38:11] === launch ===
[2026-06-25 15:40:08] === launch ===
[2026-06-25 16:03:06] === launch ===
[2026-06-25 16:05:25] === launch ===
[2026-06-25 16:05:53] === launch ===
[2026-06-25 18:29:39] === launch ===
[2026-06-25 18:29:56] === launch ===
[2026-06-25 18:31:16] === launch ===
[2026-06-25 18:32:54] === launch ===
[2026-06-25 18:38:24] === launch ===
[2026-06-25 18:45:48] === launch ===
[2026-06-26 00:02:05] === launch ===
[2026-06-26 00:02:45] === launch ===
[2026-06-27 23:48:47] === launch ===
[2026-06-28 15:07:48] === launch ===
[2026-06-28 15:12:29] === launch ===
[2026-06-28 17:19:37] === launch ===
[2026-06-28 17:20:04] === launch ===
[2026-06-28 17:20:29] === launch ===
[2026-06-28 21:41:49] === launch ===
[2026-06-28 21:46:39] === launch ===
[2026-06-28 22:26:02] === launch ===
[2026-06-28 23:06:52] === launch ===
[2026-06-29 00:26:06] === launch ===
[2026-06-29 00:37:04] === launch ===
[2026-06-29 00:41:56] === launch ===
[2026-06-29 10:01:02] === launch ===
[2026-06-29 11:54:56] === launch ===
[2026-06-29 13:08:08] === launch ===
[2026-06-29 13:15:45] === launch ===
[2026-06-29 13:17:48] === launch ===
[2026-06-29 13:20:29] === launch ===
[2026-06-29 13:24:42] === launch ===
[2026-06-29 13:25:45] === launch ===
[2026-06-29 13:26:47] === launch ===
[2026-06-29 13:28:14] === launch ===
[2026-06-29 16:05:00] === launch ===
[2026-06-29 16:10:39] === launch ===
[2026-06-29 16:12:05] === launch ===
[2026-06-29 16:31:19] === launch ===
[2026-06-29 16:38:10] === launch ===
[2026-06-29 16:45:40] === launch ===
[2026-06-29 16:51:46] === launch ===
[2026-06-29 16:56:54] === launch ===
[2026-06-29 16:57:03] === launch ===
[2026-06-29 18:20:01] === launch ===
[2026-06-29 18:21:12] === launch ===
[2026-06-29 18:21:44] === launch ===
[2026-06-29 18:26:41] === launch ===
[2026-06-30 13:32:03] === launch ===
[2026-07-01 13:54:01] === launch ===
[2026-07-01 14:00:30] === launch ===
[2026-07-01 14:00:53] === launch ===
[2026-07-01 14:31:12] === launch ===
[2026-07-01 15:57:55] === launch ===
[2026-07-01 17:45:41] === launch ===
[2026-07-01 17:46:22] === launch ===
[2026-07-01 17:48:47] === launch ===
[2026-07-01 18:05:46] === launch ===
[2026-07-01 18:08:50] === launch ===
[2026-07-01 18:17:46] === launch ===
[2026-07-01 18:19:01] === launch ===
[2026-07-02 08:11:37] === launch ===
[2026-07-02 11:36:00] === launch ===
[2026-07-02 16:35:46] === launch ===
[2026-07-02 17:19:07] === launch ===
[2026-07-02 17:41:08] === launch ===
[2026-07-02 18:15:16] === launch ===
[2026-07-02 18:17:25] === launch ===
[2026-07-02 18:37:53] === launch ===
[2026-07-02 18:38:54] === launch ===
[2026-07-02 18:40:18] === launch ===
[2026-07-02 18:43:13] === launch ===
[2026-07-02 18:49:26] === launch ===
[2026-07-02 21:20:20] === launch ===
[2026-07-02 22:27:07] === launch ===
[2026-07-02 22:30:14] === launch ===
[2026-07-02 22:37:07] === launch ===
[2026-07-02 22:39:21] === launch ===
[2026-07-02 22:49:32] === launch ===
[2026-07-02 22:56:23] === launch ===
[2026-07-02 23:49:22] === launch ===
[2026-07-02 23:53:01] === launch ===
[2026-07-02 23:53:54] === launch ===
[2026-07-02 23:54:41] === launch ===
[2026-07-02 23:55:25] === launch ===
[2026-07-02 23:58:41] === launch ===
[2026-07-02 23:59:07] === launch ===
[2026-07-02 23:59:35] === launch ===
[2026-07-03 00:06:19] === launch ===
[2026-07-03 00:10:32] === launch ===
[2026-07-03 00:16:44] === launch ===
[2026-07-03 00:17:55] === launch ===
[2026-07-03 00:19:36] === launch ===
[2026-07-03 10:53:18] === launch ===
[2026-07-03 11:45:13] === launch ===
[2026-07-03 11:47:24] === launch ===
[2026-07-03 11:53:22] === launch ===
[2026-07-03 11:58:31] === launch ===
[2026-07-03 12:59:19] === launch ===
[2026-07-03 13:26:01] === launch ===
[2026-07-03 14:20:35] === launch ===
[2026-07-03 14:25:14] === launch ===
[2026-07-03 14:57:35] === launch ===
[2026-07-03 15:04:23] === launch ===
[2026-07-03 18:23:03] === launch ===
[2026-07-03 18:30:29] === launch ===
[2026-07-03 18:31:15] === launch ===
[2026-07-03 18:31:47] === launch ===
[2026-07-03 18:32:08] === launch ===
[2026-07-03 18:32:37] === launch ===
[2026-07-03 18:32:54] === launch ===
[2026-07-03 18:34:35] === launch ===
[2026-07-03 18:34:56] === launch ===
[2026-07-03 18:35:12] === launch ===
[2026-07-03 18:35:38] === launch ===
[2026-07-03 18:35:52] === launch ===
[2026-07-03 18:40:50] === launch ===
[2026-07-03 18:48:57] === launch ===
[2026-07-03 18:49:59] === launch ===
[2026-07-04 10:06:27] === launch ===
[2026-07-04 10:07:01] === launch ===
[2026-07-04 10:07:08] === launch ===
[2026-07-04 10:13:16] === launch ===
[2026-07-04 10:13:34] === launch ===
[2026-07-04 10:38:34] === launch ===
[2026-07-04 15:06:28] === launch ===
[2026-07-04 15:07:29] === launch ===
[2026-07-04 15:09:55] === launch ===
[2026-07-04 15:12:06] === launch ===
[2026-07-04 15:14:40] === launch ===
[2026-07-04 15:26:04] === launch ===
[2026-07-04 15:32:48] === launch ===
[2026-07-04 15:38:42] === launch ===
[2026-07-04 15:42:33] === launch ===
[2026-07-04 15:43:22] === launch ===
[2026-07-04 15:44:54] === launch ===
[2026-07-04 19:09:02] === launch ===
[2026-07-04 19:09:08] === crash ===
[2026-07-04 19:09:08] Traceback (most recent call last):
[2026-07-04 19:09:08]   File "L:\pygame\summerleaf2\main.py", line 5828, in <module>
[2026-07-04 19:09:08]     main()
[2026-07-04 19:09:08]     ~~~~^^
[2026-07-04 19:09:08]   File "L:\pygame\summerleaf2\main.py", line 2243, in main
[2026-07-04 19:09:08]     ev_mgr.update(player, cam, objs, npcs, mask_img=mask, dt_sec=dt_visual_sec)
[2026-07-04 19:09:08]     ~~~~~~~~~~~~~^^^^^^^^^^^^^^^^^^^^^^^^^^^^^^^^^^^^^^^^^^^^^^^^^^^^^^^^^^^^^^
[2026-07-04 19:09:08]   File "L:\pygame\summerleaf2\engine.py", line 8295, in update
[2026-07-04 19:09:08]     self._execute_step(step, player, camera, npcs, objs)
[2026-07-04 19:09:08]     ~~~~~~~~~~~~~~~~~~^^^^^^^^^^^^^^^^^^^^^^^^^^^^^^^^^^
[2026-07-04 19:09:08]   File "L:\pygame\summerleaf2\engine.py", line 8951, in _execute_step
[2026-07-04 19:09:08]     next((x for x in (npcs + objs) if x.name == step["target"]), None)
[2026-07-04 19:09:08]     ~~~~^^^^^^^^^^^^^^^^^^^^^^^^^^^^^^^^^^^^^^^^^^^^^^^^^^^^^^^^^^^^^^
[2026-07-04 19:09:08]   File "L:\pygame\summerleaf2\engine.py", line 8951, in <genexpr>
[2026-07-04 19:09:08]     next((x for x in (npcs + objs) if x.name == step["target"]), None)
[2026-07-04 19:09:08]                                                 ~~~~^^^^^^^^^^
[2026-07-04 19:09:08] KeyError: 'target'
[2026-07-04 19:09:36] === launch ===
[2026-07-04 19:11:59] === launch ===
[2026-07-04 20:00:53] === launch ===
[2026-07-04 23:51:20] === launch ===
[2026-07-04 23:53:03] === launch ===
[2026-07-05 00:00:30] === launch ===
[2026-07-05 00:14:40] === launch ===
[2026-07-05 00:20:21] === launch ===
[2026-07-05 00:24:23] === launch ===
[2026-07-05 00:27:18] === launch ===
[2026-07-05 00:29:37] === launch ===
[2026-07-05 00:38:14] === launch ===
[2026-07-05 00:39:04] === launch ===
[2026-07-05 00:40:53] === launch ===
[2026-07-05 00:42:23] === launch ===
[2026-07-05 00:43:46] === launch ===
[2026-07-05 00:45:52] === launch ===
[2026-07-05 00:49:27] === launch ===
[2026-07-05 01:01:00] === launch ===
[2026-07-05 01:07:01] === launch ===
[2026-07-05 01:08:46] === launch ===
[2026-07-05 01:10:31] === launch ===
[2026-07-05 01:21:49] === launch ===
[2026-07-05 01:26:02] === launch ===
[2026-07-05 01:28:25] === launch ===
[2026-07-05 13:00:21] === launch ===
[2026-07-05 14:55:30] === launch ===
[2026-07-05 18:54:41] === launch ===
[2026-07-05 18:55:28] === launch ===
[2026-07-05 21:08:55] === launch ===
[2026-07-05 21:12:17] === launch ===
[2026-07-05 21:18:07] === launch ===
[2026-07-05 21:27:45] === launch ===
[2026-07-05 21:36:49] === launch ===
[2026-07-05 21:38:23] === launch ===
[2026-07-06 00:40:57] === launch ===
[2026-07-06 10:07:17] === launch ===
[2026-07-06 10:09:43] === launch ===
[2026-07-06 10:51:16] === launch ===
[2026-07-06 13:08:45] === launch ===
[2026-07-06 13:45:59] === launch ===
[2026-07-06 14:32:03] === launch ===
[2026-07-06 15:47:56] === launch ===
[2026-07-06 15:50:28] === launch ===
[2026-07-06 15:55:09] === launch ===
[2026-07-06 16:01:55] === launch ===
[2026-07-06 16:04:47] === launch ===
[2026-07-06 16:12:48] === launch ===
[2026-07-06 16:16:01] === launch ===
[2026-07-06 16:19:07] === launch ===
[2026-07-06 16:22:06] === launch ===
[2026-07-06 16:46:59] === launch ===
[2026-07-06 16:52:21] === launch ===
[2026-07-06 16:54:19] === launch ===
[2026-07-06 16:57:36] === launch ===
[2026-07-06 17:00:34] === launch ===
[2026-07-06 17:02:04] === launch ===
[2026-07-06 17:26:50] === launch ===
[2026-07-06 17:55:56] === launch ===
[2026-07-06 18:16:22] === launch ===
[2026-07-06 18:25:16] === launch ===
[2026-07-06 18:32:54] === launch ===
[2026-07-06 18:34:15] === launch ===
[2026-07-06 18:39:36] === launch ===
[2026-07-06 22:47:26] === launch ===
[2026-07-06 22:56:14] === launch ===
[2026-07-06 23:21:52] === launch ===
[2026-07-06 23:27:37] === launch ===
[2026-07-06 23:30:25] === launch ===
[2026-07-06 23:34:38] === launch ===
[2026-07-06 23:46:25] === launch ===
[2026-07-06 23:51:34] === launch ===
[2026-07-07 00:00:10] === launch ===
[2026-07-07 00:04:39] === launch ===
[2026-07-07 00:09:04] === launch ===
[2026-07-07 00:17:24] === launch ===
[2026-07-07 00:20:46] === launch ===
[2026-07-07 10:08:17] === launch ===
[2026-07-07 11:13:05] === launch ===
[2026-07-07 11:24:56] === launch ===
[2026-07-07 11:30:50] === launch ===
[2026-07-07 11:31:24] === launch ===
[2026-07-07 11:50:36] === launch ===
[2026-07-07 12:04:33] === launch ===
[2026-07-07 13:03:08] === launch ===
[2026-07-07 13:21:38] === launch ===
[2026-07-07 13:23:29] === launch ===
[2026-07-07 13:24:49] === launch ===
[2026-07-07 13:39:01] === launch ===
[2026-07-07 13:41:55] === launch ===
[2026-07-07 14:48:20] === launch ===
[2026-07-07 14:48:21] === crash ===
[2026-07-07 14:48:21] Traceback (most recent call last):
[2026-07-07 14:48:21]   File "I:\pygame\summerleaf2\main.py", line 5887, in <module>
[2026-07-07 14:48:21]     main()
[2026-07-07 14:48:21]   File "I:\pygame\summerleaf2\main.py", line 1138, in main
[2026-07-07 14:48:21]     _apply_map_field_visuals(map_id, instant=True)
[2026-07-07 14:48:21]   File "I:\pygame\summerleaf2\main.py", line 951, in _apply_map_field_visuals
[2026-07-07 14:48:21]     apply_map_field_defaults(target_map_id, ui, ev_mgr=ev_mgr)
[2026-07-07 14:48:21]   File "I:\pygame\summerleaf2\field_runtime.py", line 401, in apply_map_field_defaults
[2026-07-07 14:48:21]     from data import resolve_map_field_defaults
[2026-07-07 14:48:21] ImportError: cannot import name 'resolve_map_field_defaults' from 'data' (I:\pygame\summerleaf2\data.py)
[2026-07-07 14:50:35] === launch ===
[2026-07-07 14:51:27] === launch ===
[2026-07-07 14:59:36] === launch ===
[2026-07-07 15:01:17] === launch ===
[2026-07-07 15:02:16] === launch ===
[2026-07-07 15:10:48] === launch ===
[2026-07-07 15:14:38] === launch ===
[2026-07-07 15:25:15] === launch ===
[2026-07-07 16:00:16] === launch ===
[2026-07-07 16:50:47] === launch ===
[2026-07-07 17:25:11] === launch ===
[2026-07-07 17:30:42] === launch ===
[2026-07-07 17:43:08] === launch ===
[2026-07-07 18:08:09] === launch ===
[2026-07-07 18:11:37] === launch ===
[2026-07-07 18:22:50] === launch ===
[2026-07-07 18:32:03] === launch ===
[2026-07-07 23:27:57] === launch ===
[2026-07-07 23:34:45] === launch ===
[2026-07-07 23:41:30] === launch ===
[2026-07-08 00:30:18] === launch ===
[2026-07-08 00:38:36] === launch ===
[2026-07-08 00:43:46] === launch ===
[2026-07-08 00:45:38] === launch ===
[2026-07-08 00:48:06] === launch ===
[2026-07-08 09:48:06] === launch ===
[2026-07-08 10:05:24] === launch ===
[2026-07-08 10:06:05] === launch ===
[2026-07-08 11:05:54] === launch ===
[2026-07-08 11:11:50] === launch ===
[2026-07-08 11:21:34] === launch ===
[2026-07-08 11:22:32] === launch ===
[2026-07-08 11:27:52] === launch ===
[2026-07-08 11:35:42] === launch ===
[2026-07-08 11:53:34] === launch ===
[2026-07-08 11:59:31] === launch ===
[2026-07-08 14:19:20] === launch ===
[2026-07-08 16:05:41] === launch ===
[2026-07-08 16:06:31] === launch ===
[2026-07-08 16:09:40] === launch ===
[2026-07-08 16:12:52] === launch ===
[2026-07-08 16:39:38] === launch ===
[2026-07-08 16:52:54] === launch ===
[2026-07-08 16:59:07] === launch ===
[2026-07-08 17:00:45] === launch ===
[2026-07-08 17:29:07] === launch ===
[2026-07-08 17:32:56] === launch ===
[2026-07-08 23:02:56] === launch ===
[2026-07-08 23:37:38] === launch ===
[2026-07-08 23:41:43] === launch ===
[2026-07-08 23:44:40] === launch ===
[2026-07-09 00:05:51] === launch ===
[2026-07-09 10:02:21] === launch ===
[2026-07-09 10:06:47] === launch ===
[2026-07-09 10:11:31] === launch ===
[2026-07-09 11:58:14] === launch ===
[2026-07-09 12:54:16] === launch ===
[2026-07-09 12:57:42] === launch ===
[2026-07-09 12:58:21] === launch ===
[2026-07-09 13:00:56] === launch ===
[2026-07-09 13:03:57] === launch ===
[2026-07-09 13:13:03] === launch ===
[2026-07-09 13:13:04] === crash ===
[2026-07-09 13:13:04] Traceback (most recent call last):
[2026-07-09 13:13:04]   File "I:\pygame\summerleaf2\main.py", line 5988, in <module>
[2026-07-09 13:13:04]     main()
[2026-07-09 13:13:04]   File "I:\pygame\summerleaf2\main.py", line 989, in main
[2026-07-09 13:13:04]     flow = GameFlow(CONFIG)
[2026-07-09 13:13:04]   File "I:\pygame\summerleaf2\flow.py", line 2156, in __init__
[2026-07-09 13:13:04]     self.world_data = self.load_world_config()
[2026-07-09 13:13:04]   File "I:\pygame\summerleaf2\flow.py", line 2344, in load_world_config
[2026-07-09 13:13:04]     return json.load(f)
[2026-07-09 13:13:04]   File "C:\Users\dclee\AppData\Local\Programs\Python\Python310\lib\json\__init__.py", line 293, in load
[2026-07-09 13:13:04]     return loads(fp.read(),
[2026-07-09 13:13:04]   File "C:\Users\dclee\AppData\Local\Programs\Python\Python310\lib\json\__init__.py", line 335, in loads
[2026-07-09 13:13:04]     raise JSONDecodeError("Unexpected UTF-8 BOM (decode using utf-8-sig)",
[2026-07-09 13:13:04] json.decoder.JSONDecodeError: Unexpected UTF-8 BOM (decode using utf-8-sig): line 1 column 1 (char 0)
[2026-07-09 13:13:34] === launch ===
[2026-07-09 13:14:54] === launch ===
[2026-07-09 13:20:06] === launch ===
[2026-07-09 13:47:44] === launch ===
[2026-07-09 13:49:12] === launch ===
[2026-07-09 13:49:28] === launch ===
[2026-07-09 13:52:01] === launch ===
[2026-07-09 13:57:40] === launch ===
[2026-07-09 14:09:10] === launch ===
[2026-07-09 14:09:11] === crash ===
[2026-07-09 14:09:11] Traceback (most recent call last):
[2026-07-09 14:09:11]   File "I:\pygame\summerleaf2\main.py", line 5988, in <module>
[2026-07-09 14:09:11]     main()
[2026-07-09 14:09:11]   File "I:\pygame\summerleaf2\main.py", line 989, in main
[2026-07-09 14:09:11]     flow = GameFlow(CONFIG)
[2026-07-09 14:09:11]   File "I:\pygame\summerleaf2\flow.py", line 2156, in __init__
[2026-07-09 14:09:11]     self.world_data = self.load_world_config()
[2026-07-09 14:09:11]   File "I:\pygame\summerleaf2\flow.py", line 2345, in load_world_config
[2026-07-09 14:09:11]     return json.load(f)
[2026-07-09 14:09:11]   File "C:\Users\dclee\AppData\Local\Programs\Python\Python310\lib\json\__init__.py", line 293, in load
[2026-07-09 14:09:11]     return loads(fp.read(),
[2026-07-09 14:09:11]   File "C:\Users\dclee\AppData\Local\Programs\Python\Python310\lib\json\__init__.py", line 335, in loads
[2026-07-09 14:09:11]     raise JSONDecodeError("Unexpected UTF-8 BOM (decode using utf-8-sig)",
[2026-07-09 14:09:11] json.decoder.JSONDecodeError: Unexpected UTF-8 BOM (decode using utf-8-sig): line 1 column 1 (char 0)
[2026-07-09 14:09:23] === launch ===
[2026-07-09 14:09:24] === crash ===
[2026-07-09 14:09:24] Traceback (most recent call last):
[2026-07-09 14:09:24]   File "I:\pygame\summerleaf2\main.py", line 5988, in <module>
[2026-07-09 14:09:24]     main()
[2026-07-09 14:09:24]   File "I:\pygame\summerleaf2\main.py", line 989, in main
[2026-07-09 14:09:24]     flow = GameFlow(CONFIG)
[2026-07-09 14:09:24]   File "I:\pygame\summerleaf2\flow.py", line 2156, in __init__
[2026-07-09 14:09:24]     self.world_data = self.load_world_config()
[2026-07-09 14:09:24]   File "I:\pygame\summerleaf2\flow.py", line 2345, in load_world_config
[2026-07-09 14:09:24]     return json.load(f)
[2026-07-09 14:09:24]   File "C:\Users\dclee\AppData\Local\Programs\Python\Python310\lib\json\__init__.py", line 293, in load
[2026-07-09 14:09:24]     return loads(fp.read(),
[2026-07-09 14:09:24]   File "C:\Users\dclee\AppData\Local\Programs\Python\Python310\lib\json\__init__.py", line 335, in loads
[2026-07-09 14:09:24]     raise JSONDecodeError("Unexpected UTF-8 BOM (decode using utf-8-sig)",
[2026-07-09 14:09:24] json.decoder.JSONDecodeError: Unexpected UTF-8 BOM (decode using utf-8-sig): line 1 column 1 (char 0)
[2026-07-09 14:15:23] === launch ===
[2026-07-09 14:19:24] === launch ===
[2026-07-09 15:04:09] === launch ===
[2026-07-09 15:27:49] === launch ===
[2026-07-09 17:14:09] === launch ===
[2026-07-09 17:19:13] === launch ===
[2026-07-09 17:19:53] === launch ===
[2026-07-09 17:21:50] === launch ===
[2026-07-09 17:28:13] === launch ===
[2026-07-09 17:29:56] === launch ===
[2026-07-09 17:32:24] === launch ===
[2026-07-10 09:29:16] === launch ===
[2026-07-10 09:35:27] === launch ===
[2026-07-10 09:36:33] === launch ===
[2026-07-10 10:31:15] === launch ===
[2026-07-10 10:45:21] === launch ===
[2026-07-10 10:47:10] === launch ===
[2026-07-10 10:47:34] === launch ===
[2026-07-10 10:50:18] === launch ===
[2026-07-10 10:51:45] === launch ===
[2026-07-10 10:53:34] === launch ===
[2026-07-10 11:00:22] === launch ===
[2026-07-10 12:00:38] === launch ===
[2026-07-10 13:27:39] === launch ===
[2026-07-10 13:51:19] === launch ===
[2026-07-10 14:08:19] === launch ===
[2026-07-10 14:08:55] === launch ===
[2026-07-10 14:34:41] === launch ===
[2026-07-10 14:39:32] === launch ===
[2026-07-10 14:44:34] === launch ===
[2026-07-10 14:50:18] === launch ===
[2026-07-10 14:58:51] === launch ===
[2026-07-10 15:13:19] === launch ===
[2026-07-10 15:28:33] === launch ===
[2026-07-10 15:33:37] === launch ===
[2026-07-10 15:35:44] === launch ===
[2026-07-10 15:36:56] === launch ===
[2026-07-10 15:38:08] === launch ===
[2026-07-10 15:48:01] === launch ===
[2026-07-10 15:57:06] === launch ===
[2026-07-10 16:16:55] === launch ===
[2026-07-10 16:20:59] === launch ===
[2026-07-10 16:28:16] === launch ===
[2026-07-10 16:43:11] === launch ===
[2026-07-11 00:30:56] === launch ===
[2026-07-11 12:58:58] === launch ===
[2026-07-11 13:05:41] === launch ===
[2026-07-11 13:53:46] === launch ===
[2026-07-11 13:53:46] === crash ===
[2026-07-11 13:53:46] Traceback (most recent call last):
[2026-07-11 13:53:46]   File "L:\pygame\summerleaf2\main.py", line 6052, in <module>
[2026-07-11 13:53:46]     main()
[2026-07-11 13:53:46]     ~~~~^^
[2026-07-11 13:53:46]   File "L:\pygame\summerleaf2\main.py", line 990, in main
[2026-07-11 13:53:46]     raw_events = flow.load_events()
[2026-07-11 13:53:46]   File "L:\pygame\summerleaf2\flow.py", line 2487, in load_events
[2026-07-11 13:53:46]     data = json.load(f)
[2026-07-11 13:53:46]   File "C:\Users\funsh\AppData\Local\Programs\Python\Python313\Lib\json\__init__.py", line 293, in load
[2026-07-11 13:53:46]     return loads(fp.read(),
[2026-07-11 13:53:46]         cls=cls, object_hook=object_hook,
[2026-07-11 13:53:46]         parse_float=parse_float, parse_int=parse_int,
[2026-07-11 13:53:46]         parse_constant=parse_constant, object_pairs_hook=object_pairs_hook, **kw)
[2026-07-11 13:53:46]   File "C:\Users\funsh\AppData\Local\Programs\Python\Python313\Lib\json\__init__.py", line 346, in loads
[2026-07-11 13:53:46]     return _default_decoder.decode(s)
[2026-07-11 13:53:46]            ~~~~~~~~~~~~~~~~~~~~~~~^^^
[2026-07-11 13:53:46]   File "C:\Users\funsh\AppData\Local\Programs\Python\Python313\Lib\json\decoder.py", line 345, in decode
[2026-07-11 13:53:46]     obj, end = self.raw_decode(s, idx=_w(s, 0).end())
[2026-07-11 13:53:46]                ~~~~~~~~~~~~~~~^^^^^^^^^^^^^^^^^^^^^^^
[2026-07-11 13:53:46]   File "C:\Users\funsh\AppData\Local\Programs\Python\Python313\Lib\json\decoder.py", line 361, in raw_decode
[2026-07-11 13:53:46]     obj, end = self.scan_once(s, idx)
[2026-07-11 13:53:46]                ~~~~~~~~~~~~~~^^^^^^^^
[2026-07-11 13:53:46] json.decoder.JSONDecodeError: Expecting ',' delimiter: line 478 column 17 (char 24298)
[2026-07-11 13:54:01] === launch ===
[2026-07-11 13:54:17] === crash ===
[2026-07-11 13:54:17] Traceback (most recent call last):
[2026-07-11 13:54:17]   File "L:\pygame\summerleaf2\main.py", line 6052, in <module>
[2026-07-11 13:54:17]     main()
[2026-07-11 13:54:17]     ~~~~^^
[2026-07-11 13:54:17]   File "L:\pygame\summerleaf2\main.py", line 2438, in main
[2026-07-11 13:54:17]     ev_mgr.update(player, cam, objs, npcs, mask_img=mask, dt_sec=dt_visual_sec)
[2026-07-11 13:54:17]     ~~~~~~~~~~~~~^^^^^^^^^^^^^^^^^^^^^^^^^^^^^^^^^^^^^^^^^^^^^^^^^^^^^^^^^^^^^^
[2026-07-11 13:54:17]   File "L:\pygame\summerleaf2\engine.py", line 8510, in update
[2026-07-11 13:54:17]     self._execute_step(step, player, camera, npcs, objs)
[2026-07-11 13:54:17]     ~~~~~~~~~~~~~~~~~~^^^^^^^^^^^^^^^^^^^^^^^^^^^^^^^^^^
[2026-07-11 13:54:17]   File "L:\pygame\summerleaf2\engine.py", line 9813, in _execute_step
[2026-07-11 13:54:17]     hi_res = self._parse_fx_on_flag(step.get("hi_res", False))
[2026-07-11 13:54:17]   File "L:\pygame\summerleaf2\engine.py", line 10508, in _parse_fx_on_flag
[2026-07-11 13:54:17]     on_raw = step.get("on", True)
[2026-07-11 13:54:17]              ^^^^^^^^
[2026-07-11 13:54:17] AttributeError: 'bool' object has no attribute 'get'
[2026-07-11 14:00:25] === launch ===
[2026-07-11 14:00:58] === launch ===
[2026-07-11 14:02:30] === launch ===
[2026-07-11 14:12:49] === launch ===
[2026-07-11 14:12:50] === crash ===
[2026-07-11 14:12:50] Traceback (most recent call last):
[2026-07-11 14:12:50]   File "L:\pygame\summerleaf2\main.py", line 6052, in <module>
[2026-07-11 14:12:50]     main()
[2026-07-11 14:12:50]     ~~~~^^
[2026-07-11 14:12:50]   File "L:\pygame\summerleaf2\main.py", line 2438, in main
[2026-07-11 14:12:50]     ev_mgr.update(player, cam, objs, npcs, mask_img=mask, dt_sec=dt_visual_sec)
[2026-07-11 14:12:50]     ~~~~~~~~~~~~~^^^^^^^^^^^^^^^^^^^^^^^^^^^^^^^^^^^^^^^^^^^^^^^^^^^^^^^^^^^^^^
[2026-07-11 14:12:50]   File "L:\pygame\summerleaf2\engine.py", line 8510, in update
[2026-07-11 14:12:50]     self._execute_step(step, player, camera, npcs, objs)
[2026-07-11 14:12:50]     ~~~~~~~~~~~~~~~~~~^^^^^^^^^^^^^^^^^^^^^^^^^^^^^^^^^^
[2026-07-11 14:12:50]   File "L:\pygame\summerleaf2\engine.py", line 9315, in _execute_step
[2026-07-11 14:12:50]     self._execute_screen_fx_step(step)
[2026-07-11 14:12:50]     ~~~~~~~~~~~~~~~~~~~~~~~~~~~~^^^^^^
[2026-07-11 14:12:50]   File "L:\pygame\summerleaf2\engine.py", line 10653, in _execute_screen_fx_step
[2026-07-11 14:12:50]     if not self._parse_fx_on_flag(step):
[2026-07-11 14:12:50]            ^^^^^^^^^^^^^^^^^^^^^^
[2026-07-11 14:12:50] AttributeError: 'EventManager' object has no attribute '_parse_fx_on_flag'
[2026-07-11 14:12:57] === launch ===
[2026-07-11 14:12:58] === crash ===
[2026-07-11 14:12:58] Traceback (most recent call last):
[2026-07-11 14:12:58]   File "L:\pygame\summerleaf2\main.py", line 6052, in <module>
[2026-07-11 14:12:58]     main()
[2026-07-11 14:12:58]     ~~~~^^
[2026-07-11 14:12:58]   File "L:\pygame\summerleaf2\main.py", line 2438, in main
[2026-07-11 14:12:58]     ev_mgr.update(player, cam, objs, npcs, mask_img=mask, dt_sec=dt_visual_sec)
[2026-07-11 14:12:58]     ~~~~~~~~~~~~~^^^^^^^^^^^^^^^^^^^^^^^^^^^^^^^^^^^^^^^^^^^^^^^^^^^^^^^^^^^^^^
[2026-07-11 14:12:58]   File "L:\pygame\summerleaf2\engine.py", line 8510, in update
[2026-07-11 14:12:58]     self._execute_step(step, player, camera, npcs, objs)
[2026-07-11 14:12:58]     ~~~~~~~~~~~~~~~~~~^^^^^^^^^^^^^^^^^^^^^^^^^^^^^^^^^^
[2026-07-11 14:12:58]   File "L:\pygame\summerleaf2\engine.py", line 9315, in _execute_step
[2026-07-11 14:12:58]     self._execute_screen_fx_step(step)
[2026-07-11 14:12:58]     ~~~~~~~~~~~~~~~~~~~~~~~~~~~~^^^^^^
[2026-07-11 14:12:58]   File "L:\pygame\summerleaf2\engine.py", line 10653, in _execute_screen_fx_step
[2026-07-11 14:12:58]     if not self._parse_fx_on_flag(step):
[2026-07-11 14:12:58]            ^^^^^^^^^^^^^^^^^^^^^^
[2026-07-11 14:12:58] AttributeError: 'EventManager' object has no attribute '_parse_fx_on_flag'
[2026-07-11 15:07:58] === launch ===
[2026-07-11 15:26:24] === launch ===
[2026-07-11 18:53:15] === launch ===
[2026-07-11 19:00:08] === launch ===
[2026-07-11 19:33:15] === launch ===
[2026-07-11 19:36:14] === launch ===
[2026-07-11 23:45:26] === launch ===
[2026-07-11 23:46:06] === launch ===
[2026-07-11 23:48:55] === launch ===
[2026-07-11 23:50:23] === launch ===
[2026-07-11 23:55:12] === launch ===
[2026-07-11 23:56:19] === launch ===
[2026-07-11 23:57:44] === launch ===
[2026-07-12 16:43:00] === launch ===
[2026-07-12 16:43:35] === launch ===
[2026-07-12 17:46:17] === launch ===
[2026-07-12 17:47:17] === launch ===
[2026-07-12 17:50:45] === launch ===
[2026-07-12 19:00:09] === launch ===
[2026-07-13 18:31:46] === launch ===
[2026-07-13 18:49:12] === launch ===
[2026-07-13 21:14:38] === launch ===
[2026-07-13 22:48:08] === launch ===
[2026-07-14 00:19:08] === launch ===
[2026-07-14 00:32:29] === launch ===
[2026-07-14 00:35:51] === launch ===
[2026-07-14 00:38:57] === launch ===
[2026-07-14 00:43:01] === launch ===
[2026-07-14 00:50:20] === launch ===
[2026-07-14 09:28:13] === launch ===
[2026-07-14 09:49:26] === launch ===
[2026-07-14 09:50:24] === launch ===
[2026-07-14 09:54:19] === launch ===
[2026-07-14 10:09:47] === launch ===
[2026-07-14 10:45:08] === launch ===
[2026-07-14 11:52:40] === launch ===
[2026-07-14 13:50:32] === launch ===
[2026-07-14 13:53:43] === launch ===
[2026-07-14 14:03:02] === launch ===
[2026-07-14 15:27:31] === launch ===
[2026-07-14 15:28:21] === launch ===
[2026-07-14 15:30:30] === launch ===
[2026-07-14 16:35:30] === launch ===
[2026-07-14 16:49:29] === launch ===
[2026-07-14 18:30:59] === launch ===
[2026-07-14 18:31:30] === launch ===
[2026-07-14 18:32:19] === launch ===
[2026-07-14 18:33:13] === launch ===
[2026-07-14 18:38:37] === launch ===
[2026-07-14 18:38:45] === launch ===
[2026-07-15 00:21:44] === launch ===
[2026-07-15 00:32:37] === launch ===
[2026-07-15 00:37:21] === launch ===
[2026-07-15 00:43:59] === launch ===
[2026-07-15 00:54:54] === launch ===
[2026-07-15 01:01:56] === launch ===
[2026-07-15 01:03:50] === launch ===
[2026-07-15 01:06:41] === launch ===
[2026-07-15 10:05:14] === launch ===
[2026-07-15 10:12:55] === launch ===
[2026-07-15 10:28:26] === launch ===
[2026-07-15 10:32:56] === launch ===
[2026-07-15 10:44:49] === launch ===
[2026-07-15 10:49:08] === launch ===
[2026-07-15 10:51:02] === launch ===
[2026-07-15 10:52:59] === launch ===
[2026-07-15 10:53:27] === launch ===
[2026-07-15 10:58:42] === launch ===
[2026-07-15 11:01:35] === launch ===
[2026-07-15 11:02:35] === launch ===
[2026-07-15 11:03:16] === launch ===
[2026-07-15 11:04:00] === launch ===
[2026-07-15 11:04:33] === launch ===
[2026-07-15 11:05:26] === launch ===
[2026-07-15 11:05:58] === launch ===
[2026-07-15 11:06:56] === launch ===
[2026-07-15 11:58:39] === launch ===
[2026-07-15 12:59:45] === launch ===
[2026-07-15 13:06:49] === launch ===
[2026-07-15 13:08:48] === launch ===
[2026-07-15 13:15:55] === launch ===
[2026-07-15 13:18:29] === launch ===
[2026-07-15 13:19:30] === launch ===
[2026-07-15 13:20:41] === launch ===
[2026-07-15 13:22:12] === launch ===
[2026-07-15 13:24:25] === launch ===
[2026-07-15 13:26:12] === launch ===
[2026-07-15 13:27:52] === launch ===
[2026-07-15 14:22:33] === launch ===
[2026-07-15 16:26:32] === launch ===
[2026-07-15 16:27:52] === launch ===
[2026-07-15 17:29:04] === launch ===
[2026-07-15 17:38:07] === launch ===
[2026-07-15 18:46:13] === launch ===
[2026-07-15 18:46:51] === launch ===
[2026-07-15 18:47:27] === launch ===
[2026-07-15 18:49:53] === launch ===
[2026-07-15 18:50:32] === launch ===
[2026-07-15 23:31:53] === launch ===
[2026-07-15 23:40:49] === launch ===
[2026-07-15 23:41:26] === launch ===
[2026-07-15 23:42:23] === launch ===
[2026-07-15 23:43:35] === launch ===
[2026-07-15 23:44:08] === launch ===
[2026-07-15 23:55:26] === launch ===
[2026-07-15 23:55:50] === launch ===
[2026-07-15 23:56:52] === launch ===
[2026-07-15 23:57:10] === launch ===
[2026-07-15 23:57:37] === launch ===
[2026-07-15 23:58:09] === launch ===
[2026-07-15 23:59:20] === launch ===
[2026-07-16 00:00:12] === launch ===
[2026-07-16 00:01:09] === launch ===
[2026-07-16 00:07:25] === launch ===
[2026-07-16 00:07:37] === launch ===
[2026-07-16 00:08:25] === launch ===
[2026-07-16 00:10:26] === launch ===
[2026-07-16 00:11:08] === launch ===
[2026-07-16 00:13:06] === launch ===
[2026-07-16 00:14:19] === launch ===
[2026-07-16 00:14:39] === launch ===
[2026-07-16 00:15:50] === launch ===
[2026-07-16 00:16:30] === launch ===
[2026-07-16 08:36:50] === launch ===
[2026-07-16 09:09:11] === launch ===
[2026-07-16 09:19:06] === launch ===
[2026-07-16 09:20:33] === launch ===
[2026-07-16 09:21:05] === launch ===
[2026-07-16 09:21:40] === launch ===
[2026-07-16 09:22:04] === launch ===
[2026-07-16 09:23:03] === launch ===
[2026-07-16 09:59:47] === launch ===
[2026-07-16 10:05:32] === launch ===
[2026-07-16 10:06:25] === launch ===
[2026-07-16 11:33:19] === launch ===
[2026-07-16 11:34:04] === launch ===
[2026-07-16 11:50:40] === launch ===
[2026-07-16 11:51:40] === launch ===
[2026-07-16 11:52:13] === launch ===
[2026-07-16 11:57:20] === launch ===
[2026-07-16 12:03:06] === launch ===
[2026-07-16 13:30:13] === launch ===
[2026-07-16 14:31:40] === launch ===
[2026-07-16 14:41:32] === launch ===
[2026-07-16 15:06:30] === launch ===
[2026-07-16 17:29:42] === launch ===
[2026-07-16 17:37:00] === launch ===
[2026-07-16 17:43:41] === launch ===
[2026-07-16 17:50:56] === launch ===
[2026-07-16 18:00:09] === launch ===
[2026-07-16 18:04:39] === launch ===
[2026-07-16 18:09:56] === launch ===
[2026-07-16 18:10:59] === launch ===
[2026-07-16 18:19:15] === launch ===
[2026-07-16 18:22:11] === launch ===
[2026-07-16 18:32:59] === launch ===
[2026-07-16 18:37:04] === launch ===
[2026-07-16 18:37:25] === launch ===
[2026-07-16 18:40:21] === launch ===
[2026-07-16 18:41:52] === launch ===
[2026-07-16 18:42:30] === launch ===
[2026-07-17 08:45:13] === launch ===
[2026-07-17 08:45:25] === launch ===
[2026-07-17 09:14:47] === launch ===
[2026-07-17 09:47:39] === launch ===
[2026-07-17 09:52:10] === launch ===
[2026-07-17 10:01:09] === launch ===
[2026-07-17 13:55:08] === launch ===
[2026-07-17 13:59:52] === launch ===
[2026-07-17 14:08:17] === launch ===
[2026-07-17 14:14:41] === launch ===
[2026-07-17 14:15:57] === launch ===
[2026-07-17 14:17:35] === launch ===
[2026-07-17 14:20:15] === launch ===
[2026-07-17 14:21:13] === launch ===
[2026-07-17 14:28:26] === launch ===
[2026-07-17 14:31:54] === launch ===
[2026-07-17 14:40:34] === launch ===
[2026-07-18 00:12:40] === launch ===
[2026-07-18 00:47:12] === launch ===
[2026-07-18 00:55:08] === launch ===
[2026-07-18 01:29:29] === launch ===
[2026-07-18 22:56:07] === launch ===
[2026-07-18 23:28:16] === launch ===
[2026-07-18 23:31:25] === launch ===
[2026-07-18 23:32:19] === launch ===
[2026-07-18 23:33:00] === launch ===
[2026-07-18 23:34:18] === launch ===
[2026-07-18 23:36:41] === launch ===
[2026-07-18 23:37:46] === launch ===
[2026-07-18 23:42:10] === launch ===
[2026-07-18 23:57:40] === launch ===
[2026-07-19 00:03:30] === launch ===
[2026-07-19 00:15:14] === launch ===
[2026-07-19 00:16:30] === launch ===
[2026-07-19 00:19:26] === launch ===
[2026-07-19 00:23:41] === launch ===
[2026-07-19 00:31:58] === launch ===
[2026-07-19 00:32:51] === launch ===
[2026-07-19 00:34:19] === launch ===
[2026-07-19 00:38:15] === launch ===
[2026-07-19 00:49:19] === launch ===
[2026-07-19 00:52:33] === launch ===
[2026-07-19 23:26:52] === launch ===
[2026-07-19 23:36:50] === launch ===
[2026-07-19 23:56:42] === launch ===
[2026-07-20 00:02:05] === launch ===
[2026-07-20 00:37:58] === launch ===
[2026-07-20 09:52:41] === launch ===
[2026-07-20 11:04:54] === launch ===
[2026-07-20 11:15:23] === launch ===
[2026-07-20 11:33:47] === launch ===
[2026-07-20 11:49:58] === launch ===
[2026-07-20 14:38:35] === launch ===
[2026-07-20 15:28:01] === launch ===
[2026-07-20 15:55:52] === launch ===
[2026-07-20 15:56:20] === launch ===
[2026-07-20 15:57:10] === launch ===
[2026-07-20 16:07:06] === launch ===
[2026-07-20 16:10:27] === launch ===
[2026-07-20 16:14:20] === launch ===
[2026-07-20 16:15:57] === launch ===
[2026-07-20 16:21:50] === launch ===
[2026-07-20 16:29:36] === launch ===
[2026-07-20 16:30:07] === launch ===
[2026-07-20 16:47:49] === launch ===
[2026-07-20 16:48:44] === launch ===
[2026-07-20 16:49:28] === launch ===
[2026-07-20 16:50:56] === launch ===
[2026-07-20 16:51:50] === launch ===
[2026-07-20 17:36:40] === launch ===
[2026-07-20 18:11:28] === launch ===
[2026-07-20 23:13:58] === launch ===
[2026-07-21 00:33:32] === launch ===
[2026-07-21 00:50:44] === launch ===
[2026-07-21 23:39:13] === launch ===
[2026-07-21 23:49:16] === launch ===
[2026-07-21 23:54:36] === launch ===
[2026-07-21 23:55:47] === launch ===
[2026-07-22 00:04:00] === launch ===
[2026-07-22 11:58:39] === launch ===
[2026-07-22 13:05:58] === launch ===
[2026-07-22 16:09:04] === launch ===
[2026-07-22 16:31:23] === launch ===
[2026-07-22 17:33:44] === launch ===
[2026-07-22 17:34:39] === launch ===
[2026-07-22 17:36:27] === launch ===
[2026-07-22 18:30:25] === launch ===
[2026-07-22 18:38:06] === launch ===
[2026-07-23 09:08:59] === launch ===
[2026-07-23 09:24:01] === launch ===
[2026-07-23 09:53:39] === launch ===
[2026-07-23 10:13:51] === launch ===
[2026-07-23 10:56:23] === launch ===
[2026-07-23 11:42:44] === launch ===
[2026-07-23 11:51:29] === launch ===
[2026-07-23 11:53:10] === launch ===
[2026-07-23 11:57:55] === launch ===
[2026-07-23 14:03:08] === launch ===
[2026-07-23 14:09:38] === launch ===
[2026-07-23 22:46:27] === launch ===
[2026-07-23 22:51:15] === launch ===
[2026-07-23 23:02:53] === launch ===
[2026-07-24 15:48:55] === launch ===
[2026-07-24 17:30:30] === launch ===
[2026-07-24 17:31:35] === launch ===
[2026-07-24 17:35:15] === launch ===
[2026-07-24 17:39:39] === launch ===
[2026-07-24 17:42:21] === launch ===
[2026-07-24 17:43:29] === launch ===
[2026-07-24 17:48:40] === launch ===
[2026-07-24 17:58:58] === launch ===
[2026-07-24 18:00:37] === launch ===
[2026-07-24 18:03:00] === launch ===
[2026-07-24 18:10:25] === launch ===
[2026-07-24 18:21:58] === launch ===
[2026-07-24 18:34:12] === launch ===
[2026-07-25 07:36:36] === launch ===
[2026-07-25 08:10:19] === launch ===
[2026-07-25 09:03:56] === launch ===
[2026-07-25 09:05:16] === launch ===
[2026-07-27 23:41:02] === launch ===
[2026-07-28 17:48:22] === launch ===
[2026-07-28 18:12:49] === launch ===
[2026-07-28 18:16:26] === launch ===
[2026-07-28 18:19:46] === launch ===
[2026-07-28 18:21:44] === launch ===
[2026-07-28 18:24:38] === launch ===
[2026-07-28 18:26:12] === launch ===
[2026-07-28 18:28:43] === launch ===
[2026-07-28 18:31:31] === launch ===
[2026-07-28 18:34:08] === launch ===
[2026-07-28 22:28:00] === launch ===
[2026-07-28 23:25:53] === launch ===
[2026-07-28 23:28:34] === launch ===
[2026-07-29 00:04:51] === launch ===
[2026-07-29 00:05:36] === launch ===
[2026-07-29 00:10:28] === launch ===
[2026-07-29 11:10:33] === launch ===
[2026-07-29 11:10:34] === crash ===
[2026-07-29 11:10:34] Traceback (most recent call last):
[2026-07-29 11:10:34]   File "I:\pygame\summerleaf2\main.py", line 6741, in <module>
[2026-07-29 11:10:34]     main()
[2026-07-29 11:10:34]   File "I:\pygame\summerleaf2\main.py", line 1212, in main
[2026-07-29 11:10:34]     map_id, bg, mask, player, objs, npcs = flow.load_map(save_data=initial_map_data)
[2026-07-29 11:10:34]   File "I:\pygame\summerleaf2\flow.py", line 2636, in load_map
[2026-07-29 11:10:34]     bg = pygame.image.load(os.path.join("assets", "images", "bg", m["bg_img"])).convert()
[2026-07-29 11:10:34]   File "I:\pygame\summerleaf2\android_fix.py", line 60, in wrapper
[2026-07-29 11:10:34]     return func(*args, **kwargs)
[2026-07-29 11:10:34] FileNotFoundError: No file 'assets\images\bg\bg_title.png' found in working directory 'I:\pygame\summerleaf2'.
[2026-07-29 11:11:58] === launch ===
[2026-07-29 11:16:13] === launch ===
[2026-07-29 11:25:31] === launch ===
[2026-07-29 13:07:38] === launch ===
[2026-07-29 14:34:55] === launch ===
[2026-07-29 14:45:49] === launch ===
[2026-07-29 14:53:14] === launch ===
[2026-07-29 15:07:20] === launch ===
[2026-07-29 16:20:29] === launch ===
[2026-07-29 17:03:39] === launch ===
[2026-07-29 17:30:30] === launch ===
[2026-07-29 17:34:41] === launch ===
[2026-07-29 18:05:46] === launch ===
[2026-07-29 18:15:46] === launch ===
[2026-07-29 18:20:31] === launch ===
[2026-07-29 18:22:58] === launch ===
[2026-07-29 18:25:43] === launch ===
[2026-07-29 18:26:27] === launch ===
[2026-07-29 18:36:47] === launch ===
[2026-07-29 18:37:57] === launch ===
[2026-07-29 18:41:57] === launch ===
[2026-07-29 22:56:55] === launch ===
[2026-07-29 23:01:21] === launch ===
[2026-07-29 23:13:49] === launch ===
[2026-07-29 23:23:46] === launch ===
[2026-07-30 00:15:07] === launch ===
[2026-07-30 00:19:23] === launch ===
[2026-07-30 00:20:12] === launch ===
[2026-07-30 08:10:04] === launch ===
[2026-07-30 08:12:55] === launch ===
[2026-07-30 10:18:52] === launch ===
[2026-07-30 10:22:19] === launch ===
[2026-07-30 10:44:22] === launch ===
[2026-07-30 10:46:10] === launch ===
[2026-07-30 10:55:17] === launch ===
[2026-07-30 11:01:33] === launch ===
[2026-07-30 11:19:27] === launch ===
[2026-07-30 11:48:46] === launch ===
[2026-07-30 12:06:51] === launch ===
[2026-07-30 14:25:35] === launch ===
[2026-07-30 14:25:53] === launch ===
[2026-07-30 14:29:14] === launch ===
[2026-07-30 14:40:05] === launch ===
[2026-07-30 14:41:00] === launch ===
[2026-07-30 14:46:40] === launch ===
[2026-07-30 15:03:04] === launch ===
[2026-07-30 17:50:29] === launch ===
[2026-07-30 17:51:17] === launch ===
[2026-07-30 17:51:52] === launch ===
[2026-07-30 17:54:18] === launch ===
[2026-07-30 18:01:49] === launch ===
[2026-07-30 18:19:43] === launch ===
[2026-07-30 18:25:06] === launch ===
[2026-07-30 18:30:23] === launch ===
[2026-07-31 08:45:39] === launch ===
[2026-07-31 10:04:18] === launch ===
[2026-07-31 11:55:23] === launch ===
[2026-07-31 11:58:18] === launch ===
[2026-07-31 12:02:17] === launch ===
[2026-07-31 21:19:35] === launch ===
[2026-07-31 21:19:50] === launch ===
[2026-07-31 21:20:05] === launch ===
[2026-07-31 21:37:13] === launch ===
[2026-08-01 06:50:09] === launch ===
[2026-08-01 06:55:44] === launch ===
[2026-08-01 07:11:05] === launch ===
[2026-08-01 07:19:56] === launch ===
[2026-08-01 07:30:05] === launch ===
[2026-08-01 07:39:48] === launch ===
[2026-08-01 07:45:44] === launch ===
[2026-08-01 07:53:51] === launch ===
[2026-08-01 09:52:21] === launch ===
[2026-08-01 10:26:28] === launch ===
[2026-08-01 10:29:37] === launch ===
[2026-08-01 10:36:29] === launch ===
[2026-08-01 11:00:07] === launch ===
[2026-08-01 11:31:21] === launch ===
[2026-08-01 11:32:55] === launch ===
[2026-08-01 11:38:32] === launch ===
[2026-08-01 11:39:43] === launch ===
[2026-08-01 11:44:28] === launch ===
[2026-08-01 12:03:33] === launch ===
[2026-08-01 14:32:36] === launch ===
[2026-08-01 23:30:47] === launch ===
[2026-08-01 23:51:08] === launch ===
[2026-08-02 00:03:23] === launch ===
[2026-08-02 00:03:56] === launch ===
[2026-08-02 00:05:31] === launch ===
[2026-08-02 00:06:06] === launch ===
[2026-08-02 09:30:36] === launch ===
[2026-08-02 09:32:07] === launch ===
[2026-08-02 12:16:37] === launch ===
[2026-08-02 12:19:24] === launch ===
[2026-08-02 12:42:17] === launch ===
[2026-08-02 12:44:04] === launch ===
[2026-08-02 13:19:02] === launch ===
[2026-08-02 17:26:37] === launch ===
[2026-08-02 17:29:10] === launch ===
[2026-08-06 23:51:00] === launch ===
[2026-08-06 23:53:07] === launch ===
[2026-08-07 13:06:46] === launch ===
[2026-08-07 15:06:11] === launch ===
[2026-08-07 15:09:51] === launch ===
[2026-08-07 15:28:34] === launch ===
[2026-08-07 15:41:14] === launch ===
[2026-08-07 18:53:25] === launch ===
[2026-08-07 21:04:53] === launch ===
[2026-08-07 21:17:13] === launch ===
[2026-08-07 21:18:02] === launch ===
[2026-08-07 21:32:43] === launch ===
[2026-08-07 21:47:21] === launch ===
[2026-08-07 21:50:33] === launch ===
[2026-08-07 21:52:54] === launch ===
[2026-08-07 21:56:41] === launch ===
[2026-08-07 21:57:16] === launch ===
[2026-08-07 21:57:44] === launch ===
[2026-08-07 23:52:40] === launch ===
[2026-08-08 01:46:09] === launch ===
[2026-08-08 09:27:30] === launch ===
[2026-08-08 09:51:38] === launch ===
[2026-08-08 10:31:01] === launch ===
[2026-08-08 18:07:56] === launch ===
[2026-08-08 18:09:01] === launch ===
[2026-08-08 18:25:12] === launch ===
[2026-08-08 18:26:18] === launch ===
[2026-08-08 22:52:32] === launch ===
[2026-08-08 22:52:53] === launch ===
[2026-08-09 10:00:14] === launch ===
[2026-08-09 11:03:16] === launch ===
[2026-08-09 11:54:03] === launch ===
[2026-08-09 14:10:22] === launch ===
[2026-08-09 14:32:06] === launch ===
[2026-08-09 14:32:07] === crash ===
[2026-08-09 14:32:07] Traceback (most recent call last):
[2026-08-09 14:32:07]   File "L:\pygame\summerleaf2\main.py", line 7036, in <module>
[2026-08-09 14:32:07]     main()
[2026-08-09 14:32:07]     ~~~~^^
[2026-08-09 14:32:07]   File "L:\pygame\summerleaf2\main.py", line 1333, in main
[2026-08-09 14:32:07]     raw_events = flow.load_events()
[2026-08-09 14:32:07]   File "L:\pygame\summerleaf2\flow.py", line 3433, in load_events
[2026-08-09 14:32:07]     data = json.load(f)
[2026-08-09 14:32:07]   File "C:\Users\funsh\AppData\Local\Programs\Python\Python313\Lib\json\__init__.py", line 293, in load
[2026-08-09 14:32:07]     return loads(fp.read(),
[2026-08-09 14:32:07]         cls=cls, object_hook=object_hook,
[2026-08-09 14:32:07]         parse_float=parse_float, parse_int=parse_int,
[2026-08-09 14:32:07]         parse_constant=parse_constant, object_pairs_hook=object_pairs_hook, **kw)
[2026-08-09 14:32:07]   File "C:\Users\funsh\AppData\Local\Programs\Python\Python313\Lib\json\__init__.py", line 346, in loads
[2026-08-09 14:32:07]     return _default_decoder.decode(s)
[2026-08-09 14:32:07]            ~~~~~~~~~~~~~~~~~~~~~~~^^^
[2026-08-09 14:32:07]   File "C:\Users\funsh\AppData\Local\Programs\Python\Python313\Lib\json\decoder.py", line 345, in decode
[2026-08-09 14:32:07]     obj, end = self.raw_decode(s, idx=_w(s, 0).end())
[2026-08-09 14:32:07]                ~~~~~~~~~~~~~~~^^^^^^^^^^^^^^^^^^^^^^^
[2026-08-09 14:32:07]   File "C:\Users\funsh\AppData\Local\Programs\Python\Python313\Lib\json\decoder.py", line 361, in raw_decode
[2026-08-09 14:32:07]     obj, end = self.scan_once(s, idx)
[2026-08-09 14:32:07]                ~~~~~~~~~~~~~~^^^^^^^^
[2026-08-09 14:32:07] json.decoder.JSONDecodeError: Expecting ',' delimiter: line 395 column 17 (char 20227)
[2026-08-09 14:32:58] === launch ===
[2026-08-09 14:32:59] === crash ===
[2026-08-09 14:32:59] Traceback (most recent call last):
[2026-08-09 14:32:59]   File "L:\pygame\summerleaf2\main.py", line 7036, in <module>
[2026-08-09 14:32:59]     main()
[2026-08-09 14:32:59]     ~~~~^^
[2026-08-09 14:32:59]   File "L:\pygame\summerleaf2\main.py", line 1333, in main
[2026-08-09 14:32:59]     raw_events = flow.load_events()
[2026-08-09 14:32:59]   File "L:\pygame\summerleaf2\flow.py", line 3433, in load_events
[2026-08-09 14:32:59]     data = json.load(f)
[2026-08-09 14:32:59]   File "C:\Users\funsh\AppData\Local\Programs\Python\Python313\Lib\json\__init__.py", line 293, in load
[2026-08-09 14:32:59]     return loads(fp.read(),
[2026-08-09 14:32:59]         cls=cls, object_hook=object_hook,
[2026-08-09 14:32:59]         parse_float=parse_float, parse_int=parse_int,
[2026-08-09 14:32:59]         parse_constant=parse_constant, object_pairs_hook=object_pairs_hook, **kw)
[2026-08-09 14:32:59]   File "C:\Users\funsh\AppData\Local\Programs\Python\Python313\Lib\json\__init__.py", line 346, in loads
[2026-08-09 14:32:59]     return _default_decoder.decode(s)
[2026-08-09 14:32:59]            ~~~~~~~~~~~~~~~~~~~~~~~^^^
[2026-08-09 14:32:59]   File "C:\Users\funsh\AppData\Local\Programs\Python\Python313\Lib\json\decoder.py", line 345, in decode
[2026-08-09 14:32:59]     obj, end = self.raw_decode(s, idx=_w(s, 0).end())
[2026-08-09 14:32:59]                ~~~~~~~~~~~~~~~^^^^^^^^^^^^^^^^^^^^^^^
[2026-08-09 14:32:59]   File "C:\Users\funsh\AppData\Local\Programs\Python\Python313\Lib\json\decoder.py", line 361, in raw_decode
[2026-08-09 14:32:59]     obj, end = self.scan_once(s, idx)
[2026-08-09 14:32:59]                ~~~~~~~~~~~~~~^^^^^^^^
[2026-08-09 14:32:59] json.decoder.JSONDecodeError: Expecting ',' delimiter: line 395 column 17 (char 20227)
[2026-08-09 14:33:20] === launch ===
[2026-08-09 14:33:48] === launch ===
[2026-08-09 14:53:00] === launch ===
[2026-08-09 15:03:31] === launch ===
[2026-08-09 15:18:34] === launch ===
[2026-08-09 15:24:03] === launch ===
[2026-08-09 15:44:34] === launch ===
[2026-08-09 15:50:58] === launch ===
[2026-08-09 16:09:01] === launch ===
[2026-08-09 22:27:47] === launch ===
[2026-08-09 22:28:34] === launch ===
[2026-08-10 00:05:25] === launch ===
[2026-08-10 00:12:52] === launch ===
[2026-08-10 00:22:42] === launch ===
[2026-08-10 00:42:59] === launch ===
